[[1;34mINFO[m] Scanning for projects...
[[1;34mINFO[m] 
[[1;34mINFO[m] [1m------------------< [0;36mcom.company:java-devops-project[0;1m >-------------------[m
[[1;34mINFO[m] [1mBuilding java-devops-project Maven Webapp 1.0-SNAPSHOT[m
[[1;34mINFO[m]   from pom.xml
[[1;34mINFO[m] [1m--------------------------------[ war ]---------------------------------[m
[[1;34mINFO[m] 
[[1;34mINFO[m] [1m--- [0;32mclean:3.2.0:clean[m [1m(default-clean)[m @ [36mjava-devops-project[0;1m ---[m
[[1;34mINFO[m] Deleting /home/ubuntu/java-devops-project/java-devops-project/target
[[1;34mINFO[m] 
[[1;34mINFO[m] [1m--- [0;32mresources:3.3.1:resources[m [1m(default-resources)[m @ [36mjava-devops-project[0;1m ---[m
[[1;33mWARNING[m] Using platform encoding (UTF-8 actually) to copy filtered resources, i.e. build is platform dependent!
[[1;34mINFO[m] Copying 0 resource from src/main/resources to target/classes
[[1;34mINFO[m] 
[[1;34mINFO[m] [1m--- [0;32mcompiler:3.13.0:compile[m [1m(default-compile)[m @ [36mjava-devops-project[0;1m ---[m
[[1;34mINFO[m] No sources to compile
[[1;34mINFO[m] 
[[1;34mINFO[m] [1m--- [0;32mresources:3.3.1:testResources[m [1m(default-testResources)[m @ [36mjava-devops-project[0;1m ---[m
[[1;33mWARNING[m] Using platform encoding (UTF-8 actually) to copy filtered resources, i.e. build is platform dependent!
[[1;34mINFO[m] skip non existing resourceDirectory /home/ubuntu/java-devops-project/java-devops-project/src/test/resources
[[1;34mINFO[m] 
[[1;34mINFO[m] [1m--- [0;32mcompiler:3.13.0:testCompile[m [1m(default-testCompile)[m @ [36mjava-devops-project[0;1m ---[m
[[1;34mINFO[m] No sources to compile
[[1;34mINFO[m] 
[[1;34mINFO[m] [1m--- [0;32msurefire:2.17:test[m [1m(default-test)[m @ [36mjava-devops-project[0;1m ---[m
[[1;34mINFO[m] No tests to run.
[[1;34mINFO[m] 
[[1;34mINFO[m] [1m--- [0;32mwar:3.4.0:war[m [1m(default-war)[m @ [36mjava-devops-project[0;1m ---[m
[[1;34mINFO[m] Packaging webapp
[[1;34mINFO[m] Assembling webapp [java-devops-project] in [/home/ubuntu/java-devops-project/java-devops-project/target/java-devops-project]
[[1;34mINFO[m] Processing war project
[[1;34mINFO[m] Copying webapp resources [/home/ubuntu/java-devops-project/java-devops-project/src/main/webapp]
[[1;34mINFO[m] Building war: /home/ubuntu/java-devops-project/java-devops-project/target/java-devops-project.war
[[1;34mINFO[m] [1m------------------------------------------------------------------------[m
[[1;34mINFO[m] [1;32mBUILD SUCCESS[m
[[1;34mINFO[m] [1m------------------------------------------------------------------------[m
[[1;34mINFO[m] Total time:  1.990 s
[[1;34mINFO[m] Finished at: 2026-07-15T15:12:13Z
[[1;34mINFO[m] [1m------------------------------------------------------------------------[m
